[debug] [2025-06-23T10:52:59.582Z] ----------------------------------------------------------------------
[debug] [2025-06-23T10:52:59.582Z] Command:       /Users/pi/.nvm/versions/node/v18.20.5/bin/node /opt/homebrew/bin/firebase init
[debug] [2025-06-23T10:52:59.583Z] CLI Version:   13.9.0
[debug] [2025-06-23T10:52:59.583Z] Platform:      darwin
[debug] [2025-06-23T10:52:59.583Z] Node Version:  v18.20.5
[debug] [2025-06-23T10:52:59.588Z] Time:          Mon Jun 23 2025 14:52:59 GMT+0400 (Georgia Standard Time)
[debug] [2025-06-23T10:52:59.588Z] ----------------------------------------------------------------------
[debug] 
[debug] [2025-06-23T10:52:59.630Z] > command requires scopes: ["email","openid","https://www.googleapis.com/auth/cloudplatformprojects.readonly","https://www.googleapis.com/auth/firebase","https://www.googleapis.com/auth/cloud-platform"]
[debug] [2025-06-23T10:52:59.630Z] > authorizing via signed-in user (sensa.retain@gmail.com)
[info] 
     ######## #### ########  ######## ########     ###     ######  ########
     ##        ##  ##     ## ##       ##     ##  ##   ##  ##       ##
     ######    ##  ########  ######   ########  #########  ######  ######
     ##        ##  ##    ##  ##       ##     ## ##     ##       ## ##
     ##       #### ##     ## ######## ########  ##     ##  ######  ########

You're about to initialize a Firebase project in this directory:

  /Users/pi

Before we get started, keep in mind:

  * You are initializing within an existing Firebase project directory

